// Jest Snapshot v1, https://goo.gl/fbAQLP

exports[`Controls Should match Snapshot 1`] = `undefined`;
