// Jest Snapshot v1, https://goo.gl/fbAQLP

exports[`Splash Should match snapshot 1`] = `ShallowWrapper {}`;
