// Jest Snapshot v1, https://goo.gl/fbAQLP

exports[`About Should match snapshot 1`] = `ShallowWrapper {}`;
