// Jest Snapshot v1, https://goo.gl/fbAQLP

exports[`Portfolio Should match snapshot 1`] = `ShallowWrapper {}`;
